Component: ARM Compiler 5.06 update 1 (build 61) Tool: armlink [4d35a8]

==============================================================================

Section Cross References

    startup_tm4c123.o(STACK) refers (Special) to system_tm4c123.o(.text) for SystemInit
    startup_tm4c123.o(STACK) refers (Special) to heapauxi.o(.text) for __use_two_region_memory
    startup_tm4c123.o(HEAP) refers (Special) to system_tm4c123.o(.text) for SystemInit
    startup_tm4c123.o(HEAP) refers (Special) to heapauxi.o(.text) for __use_two_region_memory
    startup_tm4c123.o(RESET) refers (Special) to system_tm4c123.o(.text) for SystemInit
    startup_tm4c123.o(RESET) refers (Special) to heapauxi.o(.text) for __use_two_region_memory
    startup_tm4c123.o(RESET) refers to startup_tm4c123.o(STACK) for __initial_sp
    startup_tm4c123.o(RESET) refers to startup_tm4c123.o(.text) for Reset_Handler
    startup_tm4c123.o(.text) refers (Special) to system_tm4c123.o(.text) for SystemInit
    startup_tm4c123.o(.text) refers (Special) to heapauxi.o(.text) for __use_two_region_memory
    startup_tm4c123.o(.text) refers to main.o(.text) for Start
    startup_tm4c123.o(.text) refers to startup_tm4c123.o(HEAP) for Heap_Mem
    startup_tm4c123.o(.text) refers to startup_tm4c123.o(STACK) for Stack_Mem
    system_tm4c123.o(.text) refers to system_tm4c123.o(.data) for SystemCoreClock


==============================================================================

Removing Unused input sections from the image.

    Removing main.o(DATA), (0 bytes).
    Removing system_tm4c123.o(.rev16_text), (4 bytes).
    Removing system_tm4c123.o(.revsh_text), (4 bytes).
    Removing system_tm4c123.o(.rrx_text), (6 bytes).

4 unused section(s) (total 14 bytes) removed from the image.

==============================================================================

Image Symbol Table

    Local Symbols

    Symbol Name                              Value     Ov Type        Size  Object(Section)

    RESET                                    0x00000000   Section      620  startup_tm4c123.o(RESET)
    ../clib/heapaux.c                        0x00000000   Number         0  heapauxi.o ABSOLUTE
    RTE\Device\TM4C123GH6PM\startup_TM4C123.s 0x00000000   Number         0  startup_tm4c123.o ABSOLUTE
    RTE\Device\TM4C123GH6PM\system_TM4C123.c 0x00000000   Number         0  system_tm4c123.o ABSOLUTE
    RTE\\Device\\TM4C123GH6PM\\system_TM4C123.c 0x00000000   Number         0  system_tm4c123.o ABSOLUTE
    dc.s                                     0x00000000   Number         0  dc.o ABSOLUTE
    main.s                                   0x00000000   Number         0  main.o ABSOLUTE
    .text                                    0x0000026c   Section      684  main.o(.text)
    $v0                                      0x0000026c   Number         0  main.o(.text)
    .text                                    0x00000518   Section      268  startup_tm4c123.o(.text)
    $v0                                      0x00000518   Number         0  startup_tm4c123.o(.text)
    .text                                    0x00000624   Section        0  system_tm4c123.o(.text)
    getOscClk                                0x00000625   Thumb Code   182  system_tm4c123.o(.text)
    .text                                    0x00000874   Section        0  heapauxi.o(.text)
    .data                                    0x20000000   Section        4  system_tm4c123.o(.data)
    HEAP                                     0x20000008   Section        0  startup_tm4c123.o(HEAP)
    STACK                                    0x20000008   Section      512  startup_tm4c123.o(STACK)
    Heap_Mem                                 0x20000008   Data           0  startup_tm4c123.o(HEAP)
    Stack_Mem                                0x20000008   Data         512  startup_tm4c123.o(STACK)
    __initial_sp                             0x20000208   Data           0  startup_tm4c123.o(STACK)

    Global Symbols

    Symbol Name                              Value     Ov Type        Size  Object(Section)

    BuildAttributes$$THM_ISAv4$E$P$D$K$B$S$7EM$VFPi3$EXTD16$VFPS$VFMA$PE$A:L22UL41UL21$X:L11$S22US41US21$IEEE1$IW$USESV6$~STKCKD$USESV7$~SHL$OSPACE$ROPI$EBA8$STANDARDLIB$REQ8$PRES8$EABIv2 0x00000000   Number         0  anon$$obj.o ABSOLUTE
    __Vectors                                0x00000000   Data           4  startup_tm4c123.o(RESET)
    Start                                    0x0000026d   Thumb Code     0  main.o(.text)
    __Vectors_End                            0x0000026c   Data           0  startup_tm4c123.o(RESET)
    __Vectors_Size                           0x0000026c   Number         0  startup_tm4c123.o ABSOLUTE
    Reset_Handler                            0x00000519   Thumb Code     4  startup_tm4c123.o(.text)
    NMI_Handler                              0x0000051d   Thumb Code     2  startup_tm4c123.o(.text)
    HardFault_Handler                        0x0000051f   Thumb Code     2  startup_tm4c123.o(.text)
    MemManage_Handler                        0x00000521   Thumb Code     2  startup_tm4c123.o(.text)
    BusFault_Handler                         0x00000523   Thumb Code     2  startup_tm4c123.o(.text)
    UsageFault_Handler                       0x00000525   Thumb Code     2  startup_tm4c123.o(.text)
    SVC_Handler                              0x00000527   Thumb Code     2  startup_tm4c123.o(.text)
    DebugMon_Handler                         0x00000529   Thumb Code     2  startup_tm4c123.o(.text)
    PendSV_Handler                           0x0000052b   Thumb Code     2  startup_tm4c123.o(.text)
    SysTick_Handler                          0x0000052d   Thumb Code     2  startup_tm4c123.o(.text)
    GPIOA_Handler                            0x0000052f   Thumb Code     2  startup_tm4c123.o(.text)
    GPIOB_Handler                            0x00000531   Thumb Code     2  startup_tm4c123.o(.text)
    GPIOC_Handler                            0x00000533   Thumb Code     2  startup_tm4c123.o(.text)
    GPIOD_Handler                            0x00000535   Thumb Code     2  startup_tm4c123.o(.text)
    GPIOE_Handler                            0x00000537   Thumb Code     2  startup_tm4c123.o(.text)
    UART0_Handler                            0x00000539   Thumb Code     2  startup_tm4c123.o(.text)
    UART1_Handler                            0x0000053b   Thumb Code     2  startup_tm4c123.o(.text)
    SSI0_Handler                             0x0000053d   Thumb Code     2  startup_tm4c123.o(.text)
    I2C0_Handler                             0x0000053f   Thumb Code     2  startup_tm4c123.o(.text)
    PMW0_FAULT_Handler                       0x00000541   Thumb Code     2  startup_tm4c123.o(.text)
    PWM0_0_Handler                           0x00000543   Thumb Code     2  startup_tm4c123.o(.text)
    PWM0_1_Handler                           0x00000545   Thumb Code     2  startup_tm4c123.o(.text)
    PWM0_2_Handler                           0x00000547   Thumb Code     2  startup_tm4c123.o(.text)
    QEI0_Handler                             0x00000549   Thumb Code     2  startup_tm4c123.o(.text)
    ADC0SS0_Handler                          0x0000054b   Thumb Code     2  startup_tm4c123.o(.text)
    ADC0SS1_Handler                          0x0000054d   Thumb Code     2  startup_tm4c123.o(.text)
    ADC0SS2_Handler                          0x0000054f   Thumb Code     2  startup_tm4c123.o(.text)
    ADC0SS3_Handler                          0x00000551   Thumb Code     2  startup_tm4c123.o(.text)
    WDT0_Handler                             0x00000553   Thumb Code     2  startup_tm4c123.o(.text)
    TIMER0A_Handler                          0x00000555   Thumb Code     2  startup_tm4c123.o(.text)
    TIMER0B_Handler                          0x00000557   Thumb Code     2  startup_tm4c123.o(.text)
    TIMER1A_Handler                          0x00000559   Thumb Code     2  startup_tm4c123.o(.text)
    TIMER1B_Handler                          0x0000055b   Thumb Code     2  startup_tm4c123.o(.text)
    TIMER2A_Handler                          0x0000055d   Thumb Code     2  startup_tm4c123.o(.text)
    TIMER2B_Handler                          0x0000055f   Thumb Code     2  startup_tm4c123.o(.text)
    COMP0_Handler                            0x00000561   Thumb Code     2  startup_tm4c123.o(.text)
    COMP1_Handler                            0x00000563   Thumb Code     2  startup_tm4c123.o(.text)
    COMP2_Handler                            0x00000565   Thumb Code     2  startup_tm4c123.o(.text)
    SYSCTL_Handler                           0x00000567   Thumb Code     2  startup_tm4c123.o(.text)
    FLASH_Handler                            0x00000569   Thumb Code     2  startup_tm4c123.o(.text)
    GPIOF_Handler                            0x0000056b   Thumb Code     2  startup_tm4c123.o(.text)
    GPIOG_Handler                            0x0000056d   Thumb Code     2  startup_tm4c123.o(.text)
    GPIOH_Handler                            0x0000056f   Thumb Code     2  startup_tm4c123.o(.text)
    UART2_Handler                            0x00000571   Thumb Code     2  startup_tm4c123.o(.text)
    SSI1_Handler                             0x00000573   Thumb Code     2  startup_tm4c123.o(.text)
    TIMER3A_Handler                          0x00000575   Thumb Code     2  startup_tm4c123.o(.text)
    TIMER3B_Handler                          0x00000577   Thumb Code     2  startup_tm4c123.o(.text)
    I2C1_Handler                             0x00000579   Thumb Code     2  startup_tm4c123.o(.text)
    QEI1_Handler                             0x0000057b   Thumb Code     2  startup_tm4c123.o(.text)
    CAN0_Handler                             0x0000057d   Thumb Code     2  startup_tm4c123.o(.text)
    CAN1_Handler                             0x0000057f   Thumb Code     2  startup_tm4c123.o(.text)
    CAN2_Handler                             0x00000581   Thumb Code     2  startup_tm4c123.o(.text)
    HIB_Handler                              0x00000583   Thumb Code     2  startup_tm4c123.o(.text)
    USB0_Handler                             0x00000585   Thumb Code     2  startup_tm4c123.o(.text)
    PWM0_3_Handler                           0x00000587   Thumb Code     2  startup_tm4c123.o(.text)
    UDMA_Handler                             0x00000589   Thumb Code     2  startup_tm4c123.o(.text)
    UDMAERR_Handler                          0x0000058b   Thumb Code     2  startup_tm4c123.o(.text)
    ADC1SS0_Handler                          0x0000058d   Thumb Code     2  startup_tm4c123.o(.text)
    ADC1SS1_Handler                          0x0000058f   Thumb Code     2  startup_tm4c123.o(.text)
    ADC1SS2_Handler                          0x00000591   Thumb Code     2  startup_tm4c123.o(.text)
    ADC1SS3_Handler                          0x00000593   Thumb Code     2  startup_tm4c123.o(.text)
    GPIOJ_Handler                            0x00000595   Thumb Code     2  startup_tm4c123.o(.text)
    GPIOK_Handler                            0x00000597   Thumb Code     2  startup_tm4c123.o(.text)
    GPIOL_Handler                            0x00000599   Thumb Code     2  startup_tm4c123.o(.text)
    SSI2_Handler                             0x0000059b   Thumb Code     2  startup_tm4c123.o(.text)
    SSI3_Handler                             0x0000059d   Thumb Code     2  startup_tm4c123.o(.text)
    UART3_Handler                            0x0000059f   Thumb Code     2  startup_tm4c123.o(.text)
    UART4_Handler                            0x000005a1   Thumb Code     2  startup_tm4c123.o(.text)
    UART5_Handler                            0x000005a3   Thumb Code     2  startup_tm4c123.o(.text)
    UART6_Handler                            0x000005a5   Thumb Code     2  startup_tm4c123.o(.text)
    UART7_Handler                            0x000005a7   Thumb Code     2  startup_tm4c123.o(.text)
    I2C2_Handler                             0x000005a9   Thumb Code     2  startup_tm4c123.o(.text)
    I2C3_Handler                             0x000005ab   Thumb Code     2  startup_tm4c123.o(.text)
    TIMER4A_Handler                          0x000005ad   Thumb Code     2  startup_tm4c123.o(.text)
    TIMER4B_Handler                          0x000005af   Thumb Code     2  startup_tm4c123.o(.text)
    TIMER5A_Handler                          0x000005b1   Thumb Code     2  startup_tm4c123.o(.text)
    TIMER5B_Handler                          0x000005b3   Thumb Code     2  startup_tm4c123.o(.text)
    WTIMER0A_Handler                         0x000005b5   Thumb Code     2  startup_tm4c123.o(.text)
    WTIMER0B_Handler                         0x000005b7   Thumb Code     2  startup_tm4c123.o(.text)
    WTIMER1A_Handler                         0x000005b9   Thumb Code     2  startup_tm4c123.o(.text)
    WTIMER1B_Handler                         0x000005bb   Thumb Code     2  startup_tm4c123.o(.text)
    WTIMER2A_Handler                         0x000005bd   Thumb Code     2  startup_tm4c123.o(.text)
    WTIMER2B_Handler                         0x000005bf   Thumb Code     2  startup_tm4c123.o(.text)
    WTIMER3A_Handler                         0x000005c1   Thumb Code     2  startup_tm4c123.o(.text)
    WTIMER3B_Handler                         0x000005c3   Thumb Code     2  startup_tm4c123.o(.text)
    WTIMER4A_Handler                         0x000005c5   Thumb Code     2  startup_tm4c123.o(.text)
    WTIMER4B_Handler                         0x000005c7   Thumb Code     2  startup_tm4c123.o(.text)
    WTIMER5A_Handler                         0x000005c9   Thumb Code     2  startup_tm4c123.o(.text)
    WTIMER5B_Handler                         0x000005cb   Thumb Code     2  startup_tm4c123.o(.text)
    FPU_Handler                              0x000005cd   Thumb Code     2  startup_tm4c123.o(.text)
    I2C4_Handler                             0x000005cf   Thumb Code     2  startup_tm4c123.o(.text)
    I2C5_Handler                             0x000005d1   Thumb Code     2  startup_tm4c123.o(.text)
    GPIOM_Handler                            0x000005d3   Thumb Code     2  startup_tm4c123.o(.text)
    GPION_Handler                            0x000005d5   Thumb Code     2  startup_tm4c123.o(.text)
    QEI2_Handler                             0x000005d7   Thumb Code     2  startup_tm4c123.o(.text)
    GPIOP0_Handler                           0x000005d9   Thumb Code     2  startup_tm4c123.o(.text)
    GPIOP1_Handler                           0x000005db   Thumb Code     2  startup_tm4c123.o(.text)
    GPIOP2_Handler                           0x000005dd   Thumb Code     2  startup_tm4c123.o(.text)
    GPIOP3_Handler                           0x000005df   Thumb Code     2  startup_tm4c123.o(.text)
    GPIOP4_Handler                           0x000005e1   Thumb Code     2  startup_tm4c123.o(.text)
    GPIOP5_Handler                           0x000005e3   Thumb Code     2  startup_tm4c123.o(.text)
    GPIOP6_Handler                           0x000005e5   Thumb Code     2  startup_tm4c123.o(.text)
    GPIOP7_Handler                           0x000005e7   Thumb Code     2  startup_tm4c123.o(.text)
    GPIOQ0_Handler                           0x000005e9   Thumb Code     2  startup_tm4c123.o(.text)
    GPIOQ1_Handler                           0x000005eb   Thumb Code     2  startup_tm4c123.o(.text)
    GPIOQ2_Handler                           0x000005ed   Thumb Code     2  startup_tm4c123.o(.text)
    GPIOQ3_Handler                           0x000005ef   Thumb Code     2  startup_tm4c123.o(.text)
    GPIOQ4_Handler                           0x000005f1   Thumb Code     2  startup_tm4c123.o(.text)
    GPIOQ5_Handler                           0x000005f3   Thumb Code     2  startup_tm4c123.o(.text)
    GPIOQ6_Handler                           0x000005f5   Thumb Code     2  startup_tm4c123.o(.text)
    GPIOQ7_Handler                           0x000005f7   Thumb Code     2  startup_tm4c123.o(.text)
    GPIOR_Handler                            0x000005f9   Thumb Code     2  startup_tm4c123.o(.text)
    GPIOS_Handler                            0x000005fb   Thumb Code     2  startup_tm4c123.o(.text)
    PMW1_0_Handler                           0x000005fd   Thumb Code     2  startup_tm4c123.o(.text)
    PWM1_1_Handler                           0x000005ff   Thumb Code     2  startup_tm4c123.o(.text)
    PWM1_2_Handler                           0x00000601   Thumb Code     2  startup_tm4c123.o(.text)
    PWM1_3_Handler                           0x00000603   Thumb Code     2  startup_tm4c123.o(.text)
    PWM1_FAULT_Handler                       0x00000605   Thumb Code     2  startup_tm4c123.o(.text)
    __user_initial_stackheap                 0x00000609   Thumb Code     0  startup_tm4c123.o(.text)
    SystemCoreClockUpdate                    0x000006db   Thumb Code   184  system_tm4c123.o(.text)
    SystemInit                               0x00000793   Thumb Code   112  system_tm4c123.o(.text)
    __use_two_region_memory                  0x00000875   Thumb Code     2  heapauxi.o(.text)
    __rt_heap_escrow$2region                 0x00000877   Thumb Code     2  heapauxi.o(.text)
    __rt_heap_expand$2region                 0x00000879   Thumb Code     2  heapauxi.o(.text)
    SystemCoreClock                          0x20000000   Data           4  system_tm4c123.o(.data)



==============================================================================

Memory Map of the image

  Image Entry point : 0x00000519

  Load Region LR_1 (Base: 0x00000000, Size: 0x00000880, Max: 0xffffffff, ABSOLUTE)

    Execution Region ER_RO (Base: 0x00000000, Size: 0x0000087c, Max: 0xffffffff, ABSOLUTE)

    Base Addr    Size         Type   Attr      Idx    E Section Name        Object

    0x00000000   0x0000026c   Data   RO            9    RESET               startup_tm4c123.o
    0x0000026c   0x000002ac   Code   RO            2    .text               main.o
    0x00000518   0x0000010c   Code   RO           10  * .text               startup_tm4c123.o
    0x00000624   0x00000250   Code   RO           17    .text               system_tm4c123.o
    0x00000874   0x00000006   Code   RO           72    .text               c_w.l(heapauxi.o)


    Execution Region ER_RW (Base: 0x20000000, Size: 0x00000004, Max: 0xffffffff, ABSOLUTE)

    Base Addr    Size         Type   Attr      Idx    E Section Name        Object

    0x20000000   0x00000004   Data   RW           18    .data               system_tm4c123.o


    Execution Region ER_ZI (Base: 0x20000004, Size: 0x00000204, Max: 0xffffffff, ABSOLUTE)

    Base Addr    Size         Type   Attr      Idx    E Section Name        Object

    0x20000004   0x00000004   PAD
    0x20000008   0x00000000   Zero   RW            8    HEAP                startup_tm4c123.o
    0x20000008   0x00000200   Zero   RW            7    STACK               startup_tm4c123.o


==============================================================================

Image component sizes


      Code (inc. data)   RO Data    RW Data    ZI Data      Debug   Object Name

       684          0          0          0          0        424   main.o
       268         20        620          0        512       5464   startup_tm4c123.o
       592        138          0          4          0       6069   system_tm4c123.o

    ----------------------------------------------------------------------
      1544        158        620          4        516      11957   Object Totals
         0          0          0          0          0          0   (incl. Generated)
         0          0          0          0          4          0   (incl. Padding)

    ----------------------------------------------------------------------

      Code (inc. data)   RO Data    RW Data    ZI Data      Debug   Library Member Name

         6          0          0          0          0        152   heapauxi.o

    ----------------------------------------------------------------------
         8          0          0          0          0        152   Library Totals
         2          0          0          0          0          0   (incl. Padding)

    ----------------------------------------------------------------------

      Code (inc. data)   RO Data    RW Data    ZI Data      Debug   Library Name

         6          0          0          0          0        152   c_w.l

    ----------------------------------------------------------------------
         8          0          0          0          0        152   Library Totals

    ----------------------------------------------------------------------

==============================================================================


      Code (inc. data)   RO Data    RW Data    ZI Data      Debug   

      1552        158        620          4        516      12109   Grand Totals
      1552        158        620          4        516      12109   ELF Image Totals
      1552        158        620          4          0          0   ROM Totals

==============================================================================

    Total RO  Size (Code + RO Data)                 2172 (   2.12kB)
    Total RW  Size (RW Data + ZI Data)               520 (   0.51kB)
    Total ROM Size (Code + RO Data + RW Data)       2176 (   2.13kB)

==============================================================================

